// Jest Snapshot v1, https://goo.gl/fbAQLP

exports[`GlobalConatiner component tests GlobalConatiner matches snapshot 1`] = `
<div>
  <div
    class="sc-bcXHqe ketmXq"
  />
</div>
`;
