// Jest Snapshot v1, https://goo.gl/fbAQLP

exports[`ImageContainer component tests ImageContainer matches snapshot 1`] = `
<div>
  <div
    class="sc-bcXHqe jCZMxz"
  />
</div>
`;
